
08:38:17.906  <<< HEX[01 30 30 30 30 53 43 31 2C 1C 30 44 03]  TXT[.0000SC1,.0D.]
08:38:17.909      (envie ACK)
08:38:18.073  <<< HEX[01 30 30 30 30 53 43 31 2C 1C 30 44 03]  TXT[.0000SC1,.0D.]
08:38:18.073      (envie ACK)
08:38:23.135  <<< HEX[01 30 30 30 30 53 43 31 2C 1C 30 44 03]  TXT[.0000SC1,.0D.]
08:38:23.138      (envie ACK)
08:38:23.302  <<< HEX[01 30 30 30 30 53 43 31 2C 1C 30 44 03]  TXT[.0000SC1,.0D.]
08:38:23.302      (envie ACK)
08:38:28.473  <<< HEX[01 30 30 30 30 53 43 31 2C 1C 30 44 03]  TXT[.0000SC1,.0D.]
08:38:28.475      (envie ACK)
08:38:28.623  <<< HEX[01 30 30 30 30 53 43 31 2C 1C 30 44 03]  TXT[.0000SC1,.0D.]
08:38:28.627      (envie ACK)
08:38:33.703  <<< HEX[01 30 30 30 30 53 43 31 2C 1C 30 44 03]  TXT[.0000SC1,.0D.]
08:38:33.703      (envie ACK)
08:38:33.852  <<< HEX[01 30 30 30 30 53 43 31 2C 1C 30 44 03]  TXT[.0000SC1,.0D.]
08:38:33.852      (envie ACK)
08:38:38.909  <<< HEX[01 30 30 30 30 53 43 31 2C 1C 30 44 03]  TXT[.0000SC1,.0D.]
08:38:38.909      (envie ACK)
08:38:39.060  <<< HEX[01 30 30 30 30 53 43 31 2C 1C 30 44 03]  TXT[.0000SC1,.0D.]
08:38:39.060      (envie ACK)
08:38:44.140  <<< HEX[01 30 30 30 30 53 43 31 2C 1C 30 44 03]  TXT[.0000SC1,.0D.]
08:38:44.140      (envie ACK)
08:38:44.291  <<< HEX[01 30 30 30 30 53 43 31 2C 1C 30 44 03]  TXT[.0000SC1,.0D.]
08:38:44.293      (envie ACK)
08:38:49.354  <<< HEX[01 30 30 30 30 53 43 31 2C 1C 30 44 03]  TXT[.0000SC1,.0D.]
08:38:49.354      (envie ACK)
08:38:49.504  <<< HEX[01 30 30 30 30 53 43 31 2C 1C 30 44 03]  TXT[.0000SC1,.0D.]
08:38:49.504      (envie ACK)
08:38:54.695  <<< HEX[01 30 30 30 30 53 43 31 2C 1C 30 44 03]  TXT[.0000SC1,.0D.]
08:38:54.695      (envie ACK)
08:38:54.845  <<< HEX[01 30 30 30 30 53 43 31 2C 1C 30 44 03]  TXT[.0000SC1,.0D.]
08:38:54.845      (envie ACK)
08:38:59.885  <<< HEX[01 30 30 30 30 53 43 31 2C 1C 30 44 03]  TXT[.0000SC1,.0D.]
08:38:59.887      (envie ACK)
08:39:00.053  <<< HEX[01 30 30 30 30 53 43 31 2C 1C 30 44 03]  TXT[.0000SC1,.0D.]
08:39:00.053      (envie ACK)
08:39:03.022  === FIN dialogo ===
08:39:05.206  <<< HEX[01 30 30 30 30 53 43 31 2C 1C 30 44 03]  TXT[.0000SC1,.0D.]
08:39:05.206      (envie ACK)
08:39:10.416  <<< HEX[01 30 30 30 30 53 43 31 2C 1C 30 44 03]  TXT[.0000SC1,.0D.]
08:39:10.416      (envie ACK)
08:39:13.570  <<< HEX[01 30 30 30 33 53 42 31 2C 31 0D 30 31 2C 30 2C 32 30 30 2C 30 0D 30 32 2C 30 2C 30 2C 30 0D 30 33 2C 30 2C 31 30 30 2C 30 0D 1C 32 31 03]  TXT[.0003SB1,1.01,0,200,0.02,0,0,0.03,0,100,0..21.]
08:39:13.570      (envie ACK)
08:39:14.037  <<< HEX[01 30 30 30 31 53 43 31 2C 1C 30 43 03]  TXT[.0001SC1,.0C.]
08:39:14.037      (envie ACK)
08:39:14.839  <<< HEX[01 30 30 30 31 53 42 31 2C 31 0D 30 31 2C 31 2C 32 30 30 2C 31 0D 30 32 2C 30 2C 30 2C 30 0D 30 33 2C 30 2C 31 30 30 2C 30 0D 1C 32 33 03]  TXT[.0001SB1,1.01,1,200,1.02,0,0,0.03,0,100,0..23.]
08:39:14.839      (envie ACK)
08:39:15.323  <<< HEX[01 30 30 30 33 53 43 31 2C 1C 30 45 03]  TXT[.0003SC1,.0E.]
08:39:15.326      (envie ACK)
08:39:15.807  <<< HEX[01 30 30 30 33 53 43 31 2C 1C 30 45 03]  TXT[.0003SC1,.0E.]
08:39:15.808      (envie ACK)
08:39:16.291  <<< HEX[01 30 30 30 30 53 43 31 2C 1C 30 44 03]  TXT[.0000SC1,.0D.]
08:39:16.291      (envie ACK)
08:39:16.775  <<< HEX[01 30 30 30 30 53 49 31 30 31 2C 31 2C 33 32 32 36 30 2C 30 0D 30 0D 31 2C 31 0D 30 36 2C 34 2C 0D 1C 31 43 03]  TXT[.0000SI101,1,32260,0.0.1,1.06,4,..1C.]
08:39:16.775      (envie ACK)
08:39:18.695  <<< HEX[01 30 30 30 30 53 56 31 31 30 31 30 30 2C 33 32 32 36 30 2C 30 0D 30 31 0D 30 30 2C 30 30 2C 30 0D 30 36 2C 30 34 2C 31 0D 1C 30 33 03]  TXT[.0000SV110100,32260,0.01.00,00,0.06,04,1..03.]
08:39:18.695      (envie ACK)
08:39:19.179  <<< HEX[01 30 30 30 30 53 56 32 31 30 31 30 30 2C 33 32 32 36 30 2C 30 0D 30 31 0D 30 30 2C 30 30 2C 30 0D 30 36 2C 30 34 2C 31 0D 1C 30 30 03]  TXT[.0000SV210100,32260,0.01.00,00,0.06,04,1..00.]
08:39:19.181      (envie ACK)
08:39:19.662  <<< HEX[01 30 30 30 30 53 56 33 31 30 31 30 30 2C 33 32 32 36 30 2C 30 0D 30 31 0D 30 30 2C 30 30 2C 30 0D 30 36 2C 30 34 2C 31 0D 1C 30 31 03]  TXT[.0000SV310100,32260,0.01.00,00,0.06,04,1..01.]
08:39:19.665      (envie ACK)
08:39:20.147  <<< HEX[01 30 30 30 30 53 42 31 2C 30 0D 30 31 2C 30 2C 32 30 30 2C 30 0D 30 32 2C 30 2C 30 2C 30 0D 30 33 2C 30 2C 31 30 30 2C 30 0D 1C 32 33 03]  TXT[.0000SB1,0.01,0,200,0.02,0,0,0.03,0,100,0..23.]
08:39:20.149      (envie ACK)
08:39:20.632  <<< HEX[01 30 30 30 30 53 43 31 2C 1C 30 44 03]  TXT[.0000SC1,.0D.]
08:39:20.634      (envie ACK)
08:39:21.101  <<< HEX[01 30 30 30 30 53 56 31 31 30 31 30 30 2C 33 32 32 36 30 2C 30 0D 30 31 0D 30 30 2C 30 30 2C 30 0D 30 36 2C 30 34 2C 31 0D 1C 30 33 03]  TXT[.0000SV110100,32260,0.01.00,00,0.06,04,1..03.]
08:39:21.101      (envie ACK)
08:39:21.585  <<< HEX[01 30 30 30 30 53 56 32 31 30 31 30 30 2C 33 32 32 36 30 2C 30 0D 30 31 0D 30 30 2C 30 30 2C 30 0D 30 36 2C 30 34 2C 31 0D 1C 30 30 03]  TXT[.0000SV210100,32260,0.01.00,00,0.06,04,1..00.]
08:39:21.585      (envie ACK)
08:39:22.052  <<< HEX[01 30 30 30 30 53 56 33 31 30 31 30 30 2C 33 32 32 36 30 2C 30 0D 30 31 0D 30 30 2C 30 30 2C 30 0D 30 36 2C 30 34 2C 31 0D 1C 30 31 03]  TXT[.0000SV310100,32260,0.01.00,00,0.06,04,1..01.]
08:39:22.052      (envie ACK)
08:39:27.140  <<< HEX[01 30 30 30 30 53 43 31 2C 1C 30 44 03]  TXT[.0000SC1,.0D.]
08:39:27.140      (envie ACK)
08:39:32.249  <<< HEX[01 30 30 30 30 53 43 31 2C 1C 30 44 03]  TXT[.0000SC1,.0D.]
08:39:32.249      (envie ACK)
08:39:37.455  <<< HEX[01 30 30 30 30 53 43 31 2C 1C 30 44 03]  TXT[.0000SC1,.0D.]
08:39:37.455      (envie ACK)
08:39:42.529  <<< HEX[01 30 30 30 30 53 43 31 2C 1C 30 44 03]  TXT[.0000SC1,.0D.]
08:39:42.530      (envie ACK)
08:39:47.571  <<< HEX[01 30 30 30 30 53 43 31 2C 1C 30 44 03]  TXT[.0000SC1,.0D.]
08:39:47.571      (envie ACK)
08:39:52.644  <<< HEX[01 30 30 30 30 53 43 31 2C 1C 30 44 03]  TXT[.0000SC1,.0D.]
08:39:52.644      (envie ACK)
08:39:57.852  <<< HEX[01 30 30 30 30 53 43 31 2C 1C 30 44 03]  TXT[.0000SC1,.0D.]
08:39:57.853      (envie ACK)
08:40:02.930  <<< HEX[01 30 30 30 30 53 43 31 2C 1C 30 44 03]  TXT[.0000SC1,.0D.]
08:40:02.930      (envie ACK)
08:40:08.038  <<< HEX[01 30 30 30 30 53 43 31 2C 1C 30 44 03]  TXT[.0000SC1,.0D.]
08:40:08.038      (envie ACK)
08:40:13.129  <<< HEX[01 30 30 30 30 53 43 31 2C 1C 30 44 03]  TXT[.0000SC1,.0D.]
08:40:13.132      (envie ACK)
08:40:15.482  <<< HEX[01 30 30 30 33 53 42 31 2C 31 0D 30 31 2C 30 2C 32 30 30 2C 30 0D 30 32 2C 30 2C 30 2C 30 0D 30 33 2C 30 2C 31 30 30 2C 30 0D 1C 32 31 03]  TXT[.0003SB1,1.01,0,200,0.02,0,0,0.03,0,100,0..21.]
08:40:15.482      (envie ACK)
08:40:15.950  <<< HEX[01 30 30 30 31 53 43 31 2C 1C 30 43 03]  TXT[.0001SC1,.0C.]
08:40:15.952      (envie ACK)
08:40:16.584  <<< HEX[01 30 30 30 31 53 42 31 2C 31 0D 30 31 2C 31 2C 32 30 30 2C 31 0D 30 32 2C 30 2C 30 2C 30 0D 30 33 2C 30 2C 31 30 30 2C 30 0D 1C 32 33 03]  TXT[.0001SB1,1.01,1,200,1.02,0,0,0.03,0,100,0..23.]
08:40:16.586      (envie ACK)
08:40:17.068  <<< HEX[01 30 30 30 33 53 43 31 2C 1C 30 45 03]  TXT[.0003SC1,.0E.]
08:40:17.068      (envie ACK)
08:40:17.535  <<< HEX[01 30 30 30 33 53 43 31 2C 1C 30 45 03]  TXT[.0003SC1,.0E.]
08:40:17.535      (envie ACK)
08:40:18.002  <<< HEX[01 30 30 30 30 53 43 31 2C 1C 30 44 03]  TXT[.0000SC1,.0D.]
08:40:18.002      (envie ACK)
08:40:18.469  <<< HEX[01 30 30 30 30 53 49 31 30 31 2C 31 2C 33 32 32 36 31 2C 30 0D 30 0D 31 2C 31 0D 30 36 2C 35 2C 0D 1C 31 43 03]  TXT[.0000SI101,1,32261,0.0.1,1.06,5,..1C.]
08:40:18.469      (envie ACK)
08:40:18.938  <<< HEX[01 30 30 30 30 53 56 31 31 30 31 30 30 2C 33 32 32 36 31 2C 30 0D 30 31 0D 30 30 2C 30 30 2C 30 0D 30 36 2C 30 35 2C 31 0D 1C 30 33 03]  TXT[.0000SV110100,32261,0.01.00,00,0.06,05,1..03.]
08:40:18.938      (envie ACK)
08:40:20.991  <<< HEX[01 30 30 30 30 53 56 32 31 30 31 30 30 2C 33 32 32 36 31 2C 30 0D 30 31 0D 30 30 2C 30 30 2C 30 0D 30 36 2C 30 35 2C 31 0D 1C 30 30 03]  TXT[.0000SV210100,32261,0.01.00,00,0.06,05,1..00.]
08:40:20.991      (envie ACK)
08:40:21.458  <<< HEX[01 30 30 30 33 53 56 33 31 30 31 30 30 2C 33 32 32 36 31 2C 30 0D 30 31 0D 30 30 2C 30 30 2C 30 0D 30 36 2C 30 35 2C 31 0D 1C 30 32 03]  TXT[.0003SV310100,32261,0.01.00,00,0.06,05,1..02.]
08:40:21.458      (envie ACK)
08:40:21.925  <<< HEX[01 30 30 30 33 53 42 31 2C 30 0D 30 31 2C 30 2C 32 30 30 2C 30 0D 30 32 2C 30 2C 30 2C 30 0D 30 33 2C 30 2C 31 30 30 2C 30 0D 1C 32 30 03]  TXT[.0003SB1,0.01,0,200,0.02,0,0,0.03,0,100,0..20.]
08:40:21.925      (envie ACK)
08:40:22.393  <<< HEX[01 30 30 30 33 53 43 31 2C 1C 30 45 03]  TXT[.0003SC1,.0E.]
08:40:22.395      (envie ACK)
08:40:22.860  <<< HEX[01 30 30 30 33 53 56 31 31 30 31 30 30 2C 33 32 32 36 31 2C 30 0D 30 31 0D 30 30 2C 30 30 2C 30 0D 30 36 2C 30 35 2C 31 0D 1C 30 30 03]  TXT[.0003SV110100,32261,0.01.00,00,0.06,05,1..00.]
08:40:22.860      (envie ACK)
08:40:23.344  <<< HEX[01 30 30 30 30 53 56 32 31 30 31 30 30 2C 33 32 32 36 31 2C 30 0D 30 31 0D 30 30 2C 30 30 2C 30 0D 30 36 2C 30 35 2C 31 0D 1C 30 30 03]  TXT[.0000SV210100,32261,0.01.00,00,0.06,05,1..00.]
08:40:23.344      (envie ACK)
08:40:25.231  <<< HEX[01 30 30 30 30 53 56 33 31 30 31 30 30 2C 33 32 32 36 31 2C 30 0D 30 31 0D 30 30 2C 30 30 2C 30 0D 30 36 2C 30 35 2C 31 0D 1C 30 31 03]  TXT[.0000SV310100,32261,0.01.00,00,0.06,05,1..01.]
08:40:25.233      (envie ACK)
08:40:30.350  <<< HEX[01 30 30 30 30 53 43 31 2C 1C 30 44 03]  TXT[.0000SC1,.0D.]
08:40:30.350      (envie ACK)
08:40:35.427  <<< HEX[01 30 30 30 33 53 43 31 2C 1C 30 45 03]  TXT[.0003SC1,.0E.]
08:40:35.427      (envie ACK)
08:40:40.616  <<< HEX[01 30 30 30 30 53 43 31 2C 1C 30 44 03]  TXT[.0000SC1,.0D.]
08:40:40.616      (envie ACK)
08:40:45.701  <<< HEX[01 30 30 30 30 53 43 31 2C 1C 30 44 03]  TXT[.0000SC1,.0D.]
08:40:45.704      (envie ACK)
08:40:50.750  <<< HEX[01 30 30 30 30 53 43 31 2C 1C 30 44 03]  TXT[.0000SC1,.0D.]
08:40:50.751      (envie ACK)
08:40:55.940  <<< HEX[01 30 30 30 30 53 43 31 2C 1C 30 44 03]  TXT[.0000SC1,.0D.]
08:40:55.943      (envie ACK)
08:41:01.121  <<< HEX[01 30 30 30 30 53 43 31 2C 1C 30 44 03]  TXT[.0000SC1,.0D.]
08:41:01.122      (envie ACK)
08:41:06.194  <<< HEX[01 30 30 30 30 53 43 31 2C 1C 30 44 03]  TXT[.0000SC1,.0D.]
08:41:06.197      (envie ACK)
08:41:11.243  <<< HEX[01 30 30 30 30 53 43 31 2C 1C 30 44 03]  TXT[.0000SC1,.0D.]
08:41:11.243      (envie ACK)
08:41:16.334  <<< HEX[01 30 30 30 30 53 43 31 2C 1C 30 44 03]  TXT[.0000SC1,.0D.]
08:41:16.336      (envie ACK)
08:41:21.458  <<< HEX[01 30 30 30 30 53 43 31 2C 1C 30 44 03]  TXT[.0000SC1,.0D.]
08:41:21.458      (envie ACK)
08:41:26.632  <<< HEX[01 30 30 30 30 53 43 31 2C 1C 30 44 03]  TXT[.0000SC1,.0D.]
08:41:26.632      (envie ACK)
08:41:28.985  <<< HEX[01 30 30 30 33 53 42 31 2C 31 0D 30 31 2C 30 2C 32 30 30 2C 30 0D 30 32 2C 30 2C 30 2C 30 0D 30 33 2C 30 2C 31 30 30 2C 30 0D 1C 32 31 03]  TXT[.0003SB1,1.01,0,200,0.02,0,0,0.03,0,100,0..21.]
08:41:28.985      (envie ACK)
08:41:29.453  <<< HEX[01 30 30 30 31 53 43 31 2C 1C 30 43 03]  TXT[.0001SC1,.0C.]
08:41:29.455      (envie ACK)
08:41:30.088  <<< HEX[01 30 30 30 31 53 42 31 2C 31 0D 30 31 2C 31 2C 32 30 30 2C 31 0D 30 32 2C 30 2C 30 2C 30 0D 30 33 2C 30 2C 31 30 30 2C 30 0D 1C 32 33 03]  TXT[.0001SB1,1.01,1,200,1.02,0,0,0.03,0,100,0..23.]
08:41:30.089      (envie ACK)
08:41:30.571  <<< HEX[01 30 30 30 33 53 43 31 2C 1C 30 45 03]  TXT[.0003SC1,.0E.]
08:41:30.573      (envie ACK)
08:41:31.056  <<< HEX[01 30 30 30 33 53 43 31 2C 1C 30 45 03]  TXT[.0003SC1,.0E.]
08:41:31.056      (envie ACK)
08:41:31.539  <<< HEX[01 30 30 30 30 53 43 31 2C 1C 30 44 03]  TXT[.0000SC1,.0D.]
08:41:31.539      (envie ACK)
08:41:32.007  <<< HEX[01 30 30 30 30 53 49 31 30 31 2C 31 2C 33 32 32 36 32 2C 30 0D 30 0D 31 2C 31 0D 30 36 2C 36 2C 0D 1C 31 43 03]  TXT[.0000SI101,1,32262,0.0.1,1.06,6,..1C.]
08:41:32.007      (envie ACK)
08:41:34.026  <<< HEX[01 30 30 30 30 53 56 31 31 30 31 30 30 2C 33 32 32 36 32 2C 30 0D 30 31 0D 30 30 2C 30 30 2C 30 0D 30 36 2C 30 36 2C 31 0D 1C 30 33 03]  TXT[.0000SV110100,32262,0.01.00,00,0.06,06,1..03.]
08:41:34.026      (envie ACK)
08:41:34.510  <<< HEX[01 30 30 30 30 53 56 32 31 30 31 30 30 2C 33 32 32 36 32 2C 30 0D 30 31 0D 30 30 2C 30 30 2C 30 0D 30 36 2C 30 36 2C 31 0D 1C 30 30 03]  TXT[.0000SV210100,32262,0.01.00,00,0.06,06,1..00.]
08:41:34.512      (envie ACK)
08:41:34.994  <<< HEX[01 30 30 30 30 53 56 33 31 30 31 30 30 2C 33 32 32 36 32 2C 30 0D 30 31 0D 30 30 2C 30 30 2C 30 0D 30 36 2C 30 36 2C 31 0D 1C 30 31 03]  TXT[.0000SV310100,32262,0.01.00,00,0.06,06,1..01.]
08:41:34.996      (envie ACK)
08:41:35.466  <<< HEX[01 30 30 30 30 53 42 31 2C 30 0D 30 31 2C 30 2C 32 30 30 2C 30 0D 30 32 2C 30 2C 30 2C 30 0D 30 33 2C 30 2C 31 30 30 2C 30 0D 1C 32 33 03]  TXT[.0000SB1,0.01,0,200,0.02,0,0,0.03,0,100,0..23.]
08:41:35.466      (envie ACK)
08:41:35.934  <<< HEX[01 30 30 30 30 53 43 31 2C 1C 30 44 03]  TXT[.0000SC1,.0D.]
08:41:35.936      (envie ACK)
08:41:36.417  <<< HEX[01 30 30 30 30 53 56 31 31 30 31 30 30 2C 33 32 32 36 32 2C 30 0D 30 31 0D 30 30 2C 30 30 2C 30 0D 30 36 2C 30 36 2C 31 0D 1C 30 33 03]  TXT[.0000SV110100,32262,0.01.00,00,0.06,06,1..03.]
08:41:36.417      (envie ACK)
08:41:36.885  <<< HEX[01 30 30 30 30 53 56 32 31 30 31 30 30 2C 33 32 32 36 32 2C 30 0D 30 31 0D 30 30 2C 30 30 2C 30 0D 30 36 2C 30 36 2C 31 0D 1C 30 30 03]  TXT[.0000SV210100,32262,0.01.00,00,0.06,06,1..00.]
08:41:36.885      (envie ACK)
08:41:37.365  <<< HEX[01 30 30 30 30 53 56 33 31 30 31 30 30 2C 33 32 32 36 32 2C 30 0D 30 31 0D 30 30 2C 30 30 2C 30 0D 30 36 2C 30 36 2C 31 0D 1C 30 31 03]  TXT[.0000SV310100,32262,0.01.00,00,0.06,06,1..01.]
08:41:37.368      (envie ACK)
08:41:42.417  <<< HEX[01 30 30 30 30 53 43 31 2C 1C 30 44 03]  TXT[.0000SC1,.0D.]
08:41:42.417      (envie ACK)
08:41:47.446  <<< HEX[01 30 30 30 30 53 43 31 2C 1C 30 44 03]  TXT[.0000SC1,.0D.]
08:41:47.446      (envie ACK)
08:41:52.514  <<< HEX[01 30 30 30 30 53 43 31 2C 1C 30 44 03]  TXT[.0000SC1,.0D.]
08:41:52.514      (envie ACK)
08:41:57.585  <<< HEX[01 30 30 30 30 53 43 31 2C 1C 30 44 03]  TXT[.0000SC1,.0D.]
08:41:57.587      (envie ACK)
08:42:02.793  <<< HEX[01 30 30 30 30 53 43 31 2C 1C 30 44 03]  TXT[.0000SC1,.0D.]
08:42:02.794      (envie ACK)
08:42:08.019  <<< HEX[01 30 30 30 30 53 43 31 2C 1C 30 44 03]  TXT[.0000SC1,.0D.]
08:42:08.021      (envie ACK)
08:42:13.113  <<< HEX[01 30 30 30 30 53 43 31 2C 1C 30 44 03]  TXT[.0000SC1,.0D.]
08:42:13.114      (envie ACK)
08:42:18.170  <<< HEX[01 30 30 30 30 53 43 31 2C 1C 30 44 03]  TXT[.0000SC1,.0D.]
08:42:18.170      (envie ACK)
08:42:23.269  <<< HEX[01 30 30 30 30 53 43 31 2C 1C 30 44 03]  TXT[.0000SC1,.0D.]
08:42:23.269      (envie ACK)
08:42:28.344  <<< HEX[01 30 30 30 30 53 43 31 2C 1C 30 44 03]  TXT[.0000SC1,.0D.]
08:42:28.344      (envie ACK)
08:42:33.541  <<< HEX[01 30 30 30 30 53 43 31 2C 1C 30 44 03]  TXT[.0000SC1,.0D.]
08:42:33.541      (envie ACK)
08:42:35.461  <<< HEX[01 30 30 30 33 53 42 31 2C 31 0D 30 31 2C 30 2C 32 30 30 2C 30 0D 30 32 2C 30 2C 30 2C 30 0D 30 33 2C 30 2C 31 30 30 2C 30 0D 1C 32 31 03]  TXT[.0003SB1,1.01,0,200,0.02,0,0,0.03,0,100,0..21.]
08:42:35.463      (envie ACK)
08:42:35.944  <<< HEX[01 30 30 30 31 53 43 31 2C 1C 30 43 03]  TXT[.0001SC1,.0C.]
08:42:35.944      (envie ACK)
08:42:37.047  <<< HEX[01 30 30 30 31 53 42 31 2C 31 0D 30 31 2C 31 2C 32 30 30 2C 31 0D 30 32 2C 30 2C 30 2C 30 0D 30 33 2C 30 2C 31 30 30 2C 30 0D 1C 32 33 03]  TXT[.0001SB1,1.01,1,200,1.02,0,0,0.03,0,100,0..23.]
08:42:37.047      (envie ACK)
08:42:37.515  <<< HEX[01 30 30 30 33 53 43 31 2C 1C 30 45 03]  TXT[.0003SC1,.0E.]
08:42:37.517      (envie ACK)
08:42:37.982  <<< HEX[01 30 30 30 33 53 43 31 2C 1C 30 45 03]  TXT[.0003SC1,.0E.]
08:42:37.982      (envie ACK)
08:42:38.466  <<< HEX[01 30 30 30 30 53 43 31 2C 1C 30 44 03]  TXT[.0000SC1,.0D.]
08:42:38.466      (envie ACK)
08:42:38.948  <<< HEX[01 30 30 30 30 53 49 31 30 31 2C 31 2C 33 32 32 36 33 2C 30 0D 30 0D 31 2C 31 0D 30 36 2C 37 2C 0D 1C 31 43 03]  TXT[.0000SI101,1,32263,0.0.1,1.06,7,..1C.]
08:42:38.951      (envie ACK)
08:42:39.426  <<< HEX[01 30 30 30 30 53 56 31 31 30 31 30 30 2C 33 32 32 36 33 2C 30 0D 30 31 0D 30 30 2C 30 30 2C 30 0D 30 36 2C 30 37 2C 31 0D 1C 30 33 03]  TXT[.0000SV110100,32263,0.01.00,00,0.06,07,1..03.]
08:42:39.428      (envie ACK)
08:42:39.910  <<< HEX[01 30 30 30 30 53 56 32 31 30 31 30 30 2C 33 32 32 36 33 2C 30 0D 30 31 0D 30 30 2C 30 30 2C 30 0D 30 36 2C 30 37 2C 31 0D 1C 30 30 03]  TXT[.0000SV210100,32263,0.01.00,00,0.06,07,1..00.]
08:42:39.910      (envie ACK)
08:42:41.791  <<< HEX[01 30 30 30 30 53 56 33 31 30 31 30 30 2C 33 32 32 36 33 2C 30 0D 30 31 0D 30 30 2C 30 30 2C 30 0D 30 36 2C 30 37 2C 31 0D 1C 30 31 03]  TXT[.0000SV310100,32263,0.01.00,00,0.06,07,1..01.]
08:42:41.791      (envie ACK)
08:42:42.268  <<< HEX[01 30 30 30 30 53 42 31 2C 30 0D 30 31 2C 30 2C 32 30 30 2C 30 0D 30 32 2C 30 2C 30 2C 30 0D 30 33 2C 30 2C 31 30 30 2C 30 0D 1C 32 33 03]  TXT[.0000SB1,0.01,0,200,0.02,0,0,0.03,0,100,0..23.]
08:42:42.269      (envie ACK)
08:42:42.731  <<< HEX[01 30 30 30 30 53 43 31 2C 1C 30 44 03]  TXT[.0000SC1,.0D.]
08:42:42.733      (envie ACK)
08:42:43.199  <<< HEX[01 30 30 30 30 53 56 31 31 30 31 30 30 2C 33 32 32 36 33 2C 30 0D 30 31 0D 30 30 2C 30 30 2C 30 0D 30 36 2C 30 37 2C 31 0D 1C 30 33 03]  TXT[.0000SV110100,32263,0.01.00,00,0.06,07,1..03.]
08:42:43.199      (envie ACK)
08:42:43.683  <<< HEX[01 30 30 30 30 53 56 32 31 30 31 30 30 2C 33 32 32 36 33 2C 30 0D 30 31 0D 30 30 2C 30 30 2C 30 0D 30 36 2C 30 37 2C 31 0D 1C 30 30 03]  TXT[.0000SV210100,32263,0.01.00,00,0.06,07,1..00.]
08:42:43.683      (envie ACK)
08:42:44.156  <<< HEX[01 30 30 30 30 53 56 33 31 30 31 30 30 2C 33 32 32 36 33 2C 30 0D 30 31 0D 30 30 2C 30 30 2C 30 0D 30 36 2C 30 37 2C 31 0D 1C 30 31 03]  TXT[.0000SV310100,32263,0.01.00,00,0.06,07,1..01.]
08:42:44.156      (envie ACK)
08:42:49.207  <<< HEX[01 30 30 30 30 53 43 31 2C 1C 30 44 03]  TXT[.0000SC1,.0D.]
08:42:49.207      (envie ACK)
08:42:54.305  <<< HEX[01 30 30 30 30 53 43 31 2C 1C 30 44 03]  TXT[.0000SC1,.0D.]
08:42:54.305      (envie ACK)
08:42:59.331  <<< HEX[01 30 30 30 30 53 43 31 2C 1C 30 44 03]  TXT[.0000SC1,.0D.]
08:42:59.333      (envie ACK)
08:43:04.372  <<< HEX[01 30 30 30 30 53 43 31 2C 1C 30 44 03]  TXT[.0000SC1,.0D.]
08:43:04.372      (envie ACK)
08:43:09.570  <<< HEX[01 30 30 30 30 53 43 31 2C 1C 30 44 03]  TXT[.0000SC1,.0D.]
08:43:09.571      (envie ACK)
08:43:14.790  <<< HEX[01 30 30 30 30 53 43 31 2C 1C 30 44 03]  TXT[.0000SC1,.0D.]
08:43:14.791      (envie ACK)
08:43:20.018  <<< HEX[01 30 30 30 30 53 43 31 2C 1C 30 44 03]  TXT[.0000SC1,.0D.]
08:43:20.020      (envie ACK)
08:43:25.068  <<< HEX[01 30 30 30 30 53 43 31 2C 1C 30 44 03]  TXT[.0000SC1,.0D.]
08:43:25.068      (envie ACK)
08:43:30.089  <<< HEX[01 30 30 30 30 53 43 31 2C 1C 30 44 03]  TXT[.0000SC1,.0D.]
08:43:30.089      (envie ACK)
08:43:34.045  <<< HEX[01 30 30 30 33 53 42 31 2C 31 0D 30 31 2C 30 2C 32 30 30 2C 30 0D 30 32 2C 30 2C 30 2C 30 0D 30 33 2C 30 2C 31 30 30 2C 30 0D 1C 32 31 03]  TXT[.0003SB1,1.01,0,200,0.02,0,0,0.03,0,100,0..21.]
08:43:34.045      (envie ACK)
08:43:34.529  <<< HEX[01 30 30 30 31 53 43 31 2C 1C 30 43 03]  TXT[.0001SC1,.0C.]
08:43:34.529      (envie ACK)
08:43:35.781  <<< HEX[01 30 30 30 31 53 42 31 2C 31 0D 30 31 2C 31 2C 32 30 30 2C 31 0D 30 32 2C 30 2C 30 2C 30 0D 30 33 2C 30 2C 31 30 30 2C 30 0D 1C 32 33 03]  TXT[.0001SB1,1.01,1,200,1.02,0,0,0.03,0,100,0..23.]
08:43:35.781      (envie ACK)
08:43:36.265  <<< HEX[01 30 30 30 33 53 43 31 2C 1C 30 45 03]  TXT[.0003SC1,.0E.]
08:43:36.265      (envie ACK)
08:43:36.733  <<< HEX[01 30 30 30 33 53 43 31 2C 1C 30 45 03]  TXT[.0003SC1,.0E.]
08:43:36.733      (envie ACK)
08:43:37.216  <<< HEX[01 30 30 30 30 53 43 31 2C 1C 30 44 03]  TXT[.0000SC1,.0D.]
08:43:37.216      (envie ACK)
08:43:37.683  <<< HEX[01 30 30 30 30 53 49 31 30 31 2C 31 2C 33 32 32 36 34 2C 30 0D 30 0D 31 2C 31 0D 30 36 2C 31 34 2C 0D 1C 32 39 03]  TXT[.0000SI101,1,32264,0.0.1,1.06,14,..29.]
08:43:37.683      (envie ACK)
08:43:39.603  <<< HEX[01 30 30 30 30 53 56 31 31 30 31 30 30 2C 33 32 32 36 34 2C 30 0D 30 31 0D 30 30 2C 30 30 2C 30 0D 30 36 2C 31 34 2C 31 0D 1C 30 36 03]  TXT[.0000SV110100,32264,0.01.00,00,0.06,14,1..06.]
08:43:39.603      (envie ACK)
08:43:40.088  <<< HEX[01 30 30 30 30 53 56 32 31 30 31 30 30 2C 33 32 32 36 34 2C 30 0D 30 31 0D 30 30 2C 30 30 2C 30 0D 30 36 2C 31 34 2C 31 0D 1C 30 35 03]  TXT[.0000SV210100,32264,0.01.00,00,0.06,14,1..05.]
08:43:40.090      (envie ACK)
08:43:40.571  <<< HEX[01 30 30 30 30 53 56 33 31 30 31 30 30 2C 33 32 32 36 34 2C 30 0D 30 31 0D 30 30 2C 30 30 2C 30 0D 30 36 2C 31 34 2C 31 0D 1C 30 34 03]  TXT[.0000SV310100,32264,0.01.00,00,0.06,14,1..04.]
08:43:40.571      (envie ACK)
08:43:41.039  <<< HEX[01 30 30 30 30 53 42 31 2C 30 0D 30 31 2C 30 2C 32 30 30 2C 30 0D 30 32 2C 30 2C 30 2C 30 0D 30 33 2C 30 2C 31 30 30 2C 30 0D 1C 32 33 03]  TXT[.0000SB1,0.01,0,200,0.02,0,0,0.03,0,100,0..23.]
08:43:41.039      (envie ACK)
08:43:41.506  <<< HEX[01 30 30 30 30 53 43 31 2C 1C 30 44 03]  TXT[.0000SC1,.0D.]
08:43:41.506      (envie ACK)
08:43:41.974  <<< HEX[01 30 30 30 30 53 56 31 31 30 31 30 30 2C 33 32 32 36 34 2C 30 0D 30 31 0D 30 30 2C 30 30 2C 30 0D 30 36 2C 31 34 2C 31 0D 1C 30 36 03]  TXT[.0000SV110100,32264,0.01.00,00,0.06,14,1..06.]
08:43:41.976      (envie ACK)
08:43:42.459  <<< HEX[01 30 30 30 30 53 56 32 31 30 31 30 30 2C 33 32 32 36 34 2C 30 0D 30 31 0D 30 30 2C 30 30 2C 30 0D 30 36 2C 31 34 2C 31 0D 1C 30 35 03]  TXT[.0000SV210100,32264,0.01.00,00,0.06,14,1..05.]
08:43:42.459      (envie ACK)
08:43:42.942  <<< HEX[01 30 30 30 30 53 56 33 31 30 31 30 30 2C 33 32 32 36 34 2C 30 0D 30 31 0D 30 30 2C 30 30 2C 30 0D 30 36 2C 31 34 2C 31 0D 1C 30 34 03]  TXT[.0000SV310100,32264,0.01.00,00,0.06,14,1..04.]
08:43:42.942      (envie ACK)
08:43:48.040  <<< HEX[01 30 30 30 30 53 43 31 2C 1C 30 44 03]  TXT[.0000SC1,.0D.]
08:43:48.043      (envie ACK)
08:43:53.115  <<< HEX[01 30 30 30 30 53 43 31 2C 1C 30 44 03]  TXT[.0000SC1,.0D.]
08:43:53.115      (envie ACK)
08:43:58.277  <<< HEX[01 30 30 30 30 53 43 31 2C 1C 30 44 03]  TXT[.0000SC1,.0D.]
08:43:58.277      (envie ACK)
08:44:03.335  <<< HEX[01 30 30 30 30 53 43 31 2C 1C 30 44 03]  TXT[.0000SC1,.0D.]
08:44:03.335      (envie ACK)
08:44:08.521  <<< HEX[01 30 30 30 30 53 43 31 2C 1C 30 44 03]  TXT[.0000SC1,.0D.]
08:44:08.522      (envie ACK)
08:44:13.711  <<< HEX[01 30 30 30 30 53 43 31 2C 1C 30 44 03]  TXT[.0000SC1,.0D.]
08:44:13.712      (envie ACK)
08:44:18.892  <<< HEX[01 30 30 30 30 53 43 31 2C 1C 30 44 03]  TXT[.0000SC1,.0D.]
08:44:18.894      (envie ACK)
08:44:24.083  <<< HEX[01 30 30 30 30 53 43 31 2C 1C 30 44 03]  TXT[.0000SC1,.0D.]
08:44:24.085      (envie ACK)
08:44:29.293  <<< HEX[01 30 30 30 30 53 43 31 2C 1C 30 44 03]  TXT[.0000SC1,.0D.]
08:44:29.294      (envie ACK)
08:44:34.339  <<< HEX[01 30 30 30 30 53 43 31 2C 1C 30 44 03]  TXT[.0000SC1,.0D.]
08:44:34.340      (envie ACK)
08:44:39.379  <<< HEX[01 30 30 30 30 53 43 31 2C 1C 30 44 03]  TXT[.0000SC1,.0D.]
08:44:39.381      (envie ACK)
08:44:44.618  <<< HEX[01 30 30 30 30 53 43 31 2C 1C 30 44 03]  TXT[.0000SC1,.0D.]
08:44:44.619      (envie ACK)
08:44:49.661  <<< HEX[01 30 30 30 30 53 43 31 2C 1C 30 44 03]  TXT[.0000SC1,.0D.]
08:44:49.663      (envie ACK)
08:44:54.755  <<< HEX[01 30 30 30 30 53 43 31 2C 1C 30 44 03]  TXT[.0000SC1,.0D.]
08:44:54.755      (envie ACK)
08:44:59.816  <<< HEX[01 30 30 30 30 53 43 31 2C 1C 30 44 03]  TXT[.0000SC1,.0D.]
08:44:59.816      (envie ACK)
08:45:05.000  <<< HEX[01 30 30 30 30 53 43 31 2C 1C 30 44 03]  TXT[.0000SC1,.0D.]
08:45:05.001      (envie ACK)
08:45:10.092  <<< HEX[01 30 30 30 30 53 43 31 2C 1C 30 44 03]  TXT[.0000SC1,.0D.]
08:45:10.092      (envie ACK)
08:45:15.290  <<< HEX[01 30 30 30 30 53 43 31 2C 1C 30 44 03]  TXT[.0000SC1,.0D.]
08:45:15.290      (envie ACK)
08:45:20.352  <<< HEX[01 30 30 30 30 53 43 31 2C 1C 30 44 03]  TXT[.0000SC1,.0D.]
08:45:20.355      (envie ACK)
08:45:25.525  <<< HEX[01 30 30 30 30 53 43 31 2C 1C 30 44 03]  TXT[.0000SC1,.0D.]
08:45:25.527      (envie ACK)
08:45:30.562  <<< HEX[01 30 30 30 30 53 43 31 2C 1C 30 44 03]  TXT[.0000SC1,.0D.]
08:45:30.564      (envie ACK)
08:45:35.603  <<< HEX[01 30 30 30 30 53 43 31 2C 1C 30 44 03]  TXT[.0000SC1,.0D.]
08:45:35.605      (envie ACK)
08:45:40.781  <<< HEX[01 30 30 30 30 53 43 31 2C 1C 30 44 03]  TXT[.0000SC1,.0D.]
08:45:40.783      (envie ACK)
08:45:45.960  <<< HEX[01 30 30 30 30 53 43 31 2C 1C 30 44 03]  TXT[.0000SC1,.0D.]
08:45:45.962      (envie ACK)
08:45:51.147  <<< HEX[01 30 30 30 30 53 43 31 2C 1C 30 44 03]  TXT[.0000SC1,.0D.]
08:45:51.148      (envie ACK)
08:45:56.194  <<< HEX[01 30 30 30 30 53 43 31 2C 1C 30 44 03]  TXT[.0000SC1,.0D.]
08:45:56.194      (envie ACK)
08:46:01.418  <<< HEX[01 30 30 30 30 53 43 31 2C 1C 30 44 03]  TXT[.0000SC1,.0D.]
08:46:01.418      (envie ACK)
08:46:06.510  <<< HEX[01 30 30 30 30 53 43 31 2C 1C 30 44 03]  TXT[.0000SC1,.0D.]
08:46:06.512      (envie ACK)
08:46:11.566  <<< HEX[01 30 30 30 30 53 43 31 2C 1C 30 44 03]  TXT[.0000SC1,.0D.]
08:46:11.566      (envie ACK)
08:46:16.624  <<< HEX[01 30 30 30 30 53 43 31 2C 1C 30 44 03]  TXT[.0000SC1,.0D.]
08:46:16.624      (envie ACK)
08:46:21.798  <<< HEX[01 30 30 30 30 53 43 31 2C 1C 30 44 03]  TXT[.0000SC1,.0D.]
08:46:21.798      (envie ACK)
08:46:27.024  <<< HEX[01 30 30 30 30 53 43 31 2C 1C 30 44 03]  TXT[.0000SC1,.0D.]
08:46:27.025      (envie ACK)
08:46:32.183  <<< HEX[01 30 30 30 30 53 43 31 2C 1C 30 44 03]  TXT[.0000SC1,.0D.]
08:46:32.185      (envie ACK)
08:46:37.290  <<< HEX[01 30 30 30 30 53 43 31 2C 1C 30 44 03]  TXT[.0000SC1,.0D.]
08:46:37.290      (envie ACK)
08:46:42.386  <<< HEX[01 30 30 30 30 53 43 31 2C 1C 30 44 03]  TXT[.0000SC1,.0D.]
08:46:42.386      (envie ACK)
08:46:47.470  <<< HEX[01 30 30 30 30 53 43 31 2C 1C 30 44 03]  TXT[.0000SC1,.0D.]
08:46:47.471      (envie ACK)
08:46:52.528  <<< HEX[01 30 30 30 30 53 43 31 2C 1C 30 44 03]  TXT[.0000SC1,.0D.]
08:46:52.529      (envie ACK)
08:46:57.586  <<< HEX[01 30 30 30 30 53 43 31 2C 1C 30 44 03]  TXT[.0000SC1,.0D.]
08:46:57.588      (envie ACK)
08:47:02.645  <<< HEX[01 30 30 30 30 53 43 31 2C 1C 30 44 03]  TXT[.0000SC1,.0D.]
08:47:02.647      (envie ACK)
08:47:07.881  <<< HEX[01 30 30 30 30 53 43 31 2C 1C 30 44 03]  TXT[.0000SC1,.0D.]
08:47:07.883      (envie ACK)
08:47:12.948  <<< HEX[01 30 30 30 30 53 43 31 2C 1C 30 44 03]  TXT[.0000SC1,.0D.]
08:47:12.950      (envie ACK)
08:47:17.973  <<< HEX[01 30 30 30 30 53 43 31 2C 1C 30 44 03]  TXT[.0000SC1,.0D.]
08:47:17.974      (envie ACK)
08:47:23.133  <<< HEX[01 30 30 30 30 53 43 31 2C 1C 30 44 03]  TXT[.0000SC1,.0D.]
08:47:23.133      (envie ACK)
08:47:28.332  <<< HEX[01 30 30 30 30 53 43 31 2C 1C 30 44 03]  TXT[.0000SC1,.0D.]
08:47:28.333      (envie ACK)
08:47:33.510  <<< HEX[01 30 30 30 30 53 43 31 2C 1C 30 44 03]  TXT[.0000SC1,.0D.]
08:47:33.511      (envie ACK)
08:47:38.569  <<< HEX[01 30 30 30 30 53 43 31 2C 1C 30 44 03]  TXT[.0000SC1,.0D.]
08:47:38.569      (envie ACK)
08:47:43.659  <<< HEX[01 30 30 30 30 53 43 31 2C 1C 30 44 03]  TXT[.0000SC1,.0D.]
08:47:43.661      (envie ACK)
08:47:48.733  <<< HEX[01 30 30 30 30 53 43 31 2C 1C 30 44 03]  TXT[.0000SC1,.0D.]
08:47:48.733      (envie ACK)
08:47:53.782  <<< HEX[01 30 30 30 30 53 43 31 2C 1C 30 44 03]  TXT[.0000SC1,.0D.]
08:47:53.782      (envie ACK)
08:47:58.815  <<< HEX[01 30 30 30 30 53 43 31 2C 1C 30 44 03]  TXT[.0000SC1,.0D.]
08:47:58.817      (envie ACK)
08:48:03.895  <<< HEX[01 30 30 30 30 53 43 31 2C 1C 30 44 03]  TXT[.0000SC1,.0D.]
08:48:03.896      (envie ACK)
08:48:09.063  <<< HEX[01 30 30 30 30 53 43 31 2C 1C 30 44 03]  TXT[.0000SC1,.0D.]
08:48:09.064      (envie ACK)
08:48:14.117  <<< HEX[01 30 30 30 30 53 43 31 2C 1C 30 44 03]  TXT[.0000SC1,.0D.]
08:48:14.117      (envie ACK)
08:48:19.352  <<< HEX[01 30 30 30 30 53 43 31 2C 1C 30 44 03]  TXT[.0000SC1,.0D.]
08:48:19.352      (envie ACK)
08:48:24.527  <<< HEX[01 30 30 30 30 53 43 31 2C 1C 30 44 03]  TXT[.0000SC1,.0D.]
08:48:24.527      (envie ACK)
08:48:29.634  <<< HEX[01 30 30 30 30 53 43 31 2C 1C 30 44 03]  TXT[.0000SC1,.0D.]
08:48:29.634      (envie ACK)
08:48:34.669  <<< HEX[01 30 30 30 30 53 43 31 2C 1C 30 44 03]  TXT[.0000SC1,.0D.]
08:48:34.669      (envie ACK)
08:48:39.860  <<< HEX[01 30 30 30 30 53 43 31 2C 1C 30 44 03]  TXT[.0000SC1,.0D.]
08:48:39.862      (envie ACK)
08:48:45.054  <<< HEX[01 30 30 30 30 53 43 31 2C 1C 30 44 03]  TXT[.0000SC1,.0D.]
08:48:45.055      (envie ACK)
08:48:50.089  <<< HEX[01 30 30 30 30 53 43 31 2C 1C 30 44 03]  TXT[.0000SC1,.0D.]
08:48:50.091      (envie ACK)
08:48:55.183  <<< HEX[01 30 30 30 30 53 43 31 2C 1C 30 44 03]  TXT[.0000SC1,.0D.]
08:48:55.183      (envie ACK)
08:49:00.416  <<< HEX[01 30 30 30 30 53 43 31 2C 1C 30 44 03]  TXT[.0000SC1,.0D.]
08:49:00.417      (envie ACK)
08:49:05.501  <<< HEX[01 30 30 30 30 53 43 31 2C 1C 30 44 03]  TXT[.0000SC1,.0D.]
08:49:05.502      (envie ACK)
08:49:10.559  <<< HEX[01 30 30 30 30 53 43 31 2C 1C 30 44 03]  TXT[.0000SC1,.0D.]
08:49:10.559      (envie ACK)
08:49:15.638  <<< HEX[01 30 30 30 30 53 43 31 2C 1C 30 44 03]  TXT[.0000SC1,.0D.]
08:49:15.639      (envie ACK)
08:49:20.709  <<< HEX[01 30 30 30 30 53 43 31 2C 1C 30 44 03]  TXT[.0000SC1,.0D.]
08:49:20.709      (envie ACK)
08:49:25.767  <<< HEX[01 30 30 30 30 53 43 31 2C 1C 30 44 03]  TXT[.0000SC1,.0D.]
08:49:25.767      (envie ACK)
08:49:30.804  <<< HEX[01 30 30 30 30 53 43 31 2C 1C 30 44 03]  TXT[.0000SC1,.0D.]
08:49:30.804      (envie ACK)
08:49:35.868  <<< HEX[01 30 30 30 30 53 43 31 2C 1C 30 44 03]  TXT[.0000SC1,.0D.]
08:49:35.870      (envie ACK)
08:49:40.923  <<< HEX[01 30 30 30 30 53 43 31 2C 1C 30 44 03]  TXT[.0000SC1,.0D.]
08:49:40.923      (envie ACK)
08:49:45.997  <<< HEX[01 30 30 30 30 53 43 31 2C 1C 30 44 03]  TXT[.0000SC1,.0D.]
08:49:45.997      (envie ACK)
08:49:51.106  <<< HEX[01 30 30 30 30 53 43 31 2C 1C 30 44 03]  TXT[.0000SC1,.0D.]
08:49:51.106      (envie ACK)
08:49:56.309  <<< HEX[01 30 30 30 30 53 43 31 2C 1C 30 44 03]  TXT[.0000SC1,.0D.]
08:49:56.310      (envie ACK)
08:50:01.410  <<< HEX[01 30 30 30 30 53 43 31 2C 1C 30 44 03]  TXT[.0000SC1,.0D.]
08:50:01.411      (envie ACK)
08:50:06.503  <<< HEX[01 30 30 30 30 53 43 31 2C 1C 30 44 03]  TXT[.0000SC1,.0D.]
08:50:06.505      (envie ACK)
08:50:11.569  <<< HEX[01 30 30 30 30 53 43 31 2C 1C 30 44 03]  TXT[.0000SC1,.0D.]
08:50:11.569      (envie ACK)
08:50:16.761  <<< HEX[01 30 30 30 30 53 43 31 2C 1C 30 44 03]  TXT[.0000SC1,.0D.]
08:50:16.761      (envie ACK)
08:50:21.960  <<< HEX[01 30 30 30 30 53 43 31 2C 1C 30 44 03]  TXT[.0000SC1,.0D.]
08:50:21.960      (envie ACK)
08:50:27.100  <<< HEX[01 30 30 30 30 53 43 31 2C 1C 30 44 03]  TXT[.0000SC1,.0D.]
08:50:27.100      (envie ACK)
08:50:32.180  <<< HEX[01 30 30 30 30 53 43 31 2C 1C 30 44 03]  TXT[.0000SC1,.0D.]
08:50:32.180      (envie ACK)
08:50:37.238  <<< HEX[01 30 30 30 30 53 43 31 2C 1C 30 44 03]  TXT[.0000SC1,.0D.]
08:50:37.241      (envie ACK)
08:50:42.435  <<< HEX[01 30 30 30 30 53 43 31 2C 1C 30 44 03]  TXT[.0000SC1,.0D.]
08:50:42.438      (envie ACK)
08:50:47.527  <<< HEX[01 30 30 30 30 53 43 31 2C 1C 30 44 03]  TXT[.0000SC1,.0D.]
08:50:47.527      (envie ACK)
08:50:52.770  <<< HEX[01 30 30 30 30 53 43 31 2C 1C 30 44 03]  TXT[.0000SC1,.0D.]
08:50:52.770      (envie ACK)
08:50:57.845  <<< HEX[01 30 30 30 30 53 43 31 2C 1C 30 44 03]  TXT[.0000SC1,.0D.]
08:50:57.848      (envie ACK)
08:51:03.037  <<< HEX[01 30 30 30 30 53 43 31 2C 1C 30 44 03]  TXT[.0000SC1,.0D.]
08:51:03.038      (envie ACK)
08:51:08.228  <<< HEX[01 30 30 30 30 53 43 31 2C 1C 30 44 03]  TXT[.0000SC1,.0D.]
08:51:08.228      (envie ACK)
08:51:13.297  <<< HEX[01 30 30 30 30 53 43 31 2C 1C 30 44 03]  TXT[.0000SC1,.0D.]
08:51:13.299      (envie ACK)
08:51:18.665  <<< HEX[01 30 30 30 30 53 43 31 2C 1C 30 44 03]  TXT[.0000SC1,.0D.]
08:51:18.668      (envie ACK)
08:51:23.729  <<< HEX[01 30 30 30 30 53 43 31 2C 1C 30 44 03]  TXT[.0000SC1,.0D.]
08:51:23.729      (envie ACK)
08:51:28.953  <<< HEX[01 30 30 30 30 53 43 31 2C 1C 30 44 03]  TXT[.0000SC1,.0D.]
08:51:28.953      (envie ACK)
08:51:33.994  <<< HEX[01 30 30 30 30 53 43 31 2C 1C 30 44 03]  TXT[.0000SC1,.0D.]
08:51:33.994      (envie ACK)
08:51:39.218  <<< HEX[01 30 30 30 30 53 43 31 2C 1C 30 44 03]  TXT[.0000SC1,.0D.]
08:51:39.219      (envie ACK)
08:51:44.426  <<< HEX[01 30 30 30 30 53 43 31 2C 1C 30 44 03]  TXT[.0000SC1,.0D.]
08:51:44.428      (envie ACK)
08:51:49.467  <<< HEX[01 30 30 30 30 53 43 31 2C 1C 30 44 03]  TXT[.0000SC1,.0D.]
08:51:49.470      (envie ACK)
08:51:54.551  <<< HEX[01 30 30 30 30 53 43 31 2C 1C 30 44 03]  TXT[.0000SC1,.0D.]
08:51:54.552      (envie ACK)
08:51:59.643  <<< HEX[01 30 30 30 30 53 43 31 2C 1C 30 44 03]  TXT[.0000SC1,.0D.]
08:51:59.646      (envie ACK)
08:52:04.739  <<< HEX[01 30 30 30 30 53 43 31 2C 1C 30 44 03]  TXT[.0000SC1,.0D.]
08:52:04.740      (envie ACK)
08:52:09.820  <<< HEX[01 30 30 30 30 53 43 31 2C 1C 30 44 03]  TXT[.0000SC1,.0D.]
08:52:09.822      (envie ACK)
