07:17:20  === Prueba 2: comandos dentro de STX/ETX (total 40) ===
07:17:32  [STX R ETX] sin respuesta
07:17:37  [STX R ETX BCC] sin respuesta
07:17:45  [STX S ETX] sin respuesta
07:17:53  [STX S ETX BCC] sin respuesta
07:18:01  [STX D ETX] sin respuesta
07:18:09  [STX D ETX BCC] sin respuesta
07:18:17  [STX C ETX] sin respuesta
07:18:25  [STX C ETX BCC] sin respuesta
07:18:33  [STX T ETX] sin respuesta
07:18:41  [STX T ETX BCC] sin respuesta
07:18:49  [STX E ETX] sin respuesta
07:18:57  [STX E ETX BCC] sin respuesta
07:19:05  [STX 1 ETX] sin respuesta
07:19:13  [STX 1 ETX BCC] sin respuesta
07:19:21  [STX 0 ETX] sin respuesta
07:19:30  [STX 0 ETX BCC] sin respuesta
07:19:38  [STX ? ETX] sin respuesta
07:19:46  [STX ? ETX BCC] sin respuesta
07:19:54  [STX RD ETX] sin respuesta
07:20:02  [STX RD ETX BCC] sin respuesta
07:20:10  [STX ST ETX] sin respuesta
07:20:18  [STX ST ETX BCC] sin respuesta
07:20:26  [STX DT ETX] sin respuesta
07:20:36  [STX DT ETX BCC] sin respuesta
07:20:44  [STX RES ETX] sin respuesta
07:20:52  [STX RES ETX BCC] sin respuesta
07:21:00  [STX REQ ETX] sin respuesta
07:21:08  [STX REQ ETX BCC] sin respuesta
